// Jest Snapshot v1, https://jestjs.io/docs/snapshot-testing

exports[`delete-one tool deleting projects should delete a project by ID 1`] = `
"Deleted project: id=6cfCcrrCFg2xP94Q
Next:
- Use projects-list to see remaining projects
- Note: All tasks and sections in this project were also deleted
- Use overview to review your updated project structure"
`;

exports[`delete-one tool deleting sections should delete a section by ID 1`] = `
"Deleted section: id=section-123
Next:
- Use sections-search to see remaining sections in the project
- Note: Tasks in this section were also deleted
- Use tasks-list-for-container with type=project to see unorganized tasks"
`;

exports[`delete-one tool deleting tasks should delete a task by ID 1`] = `
"Deleted task: id=8485093748
Next:
- Use tasks-list-by-date to see remaining tasks for today
- Use overview to check if this affects any dependent tasks
- Note: Any subtasks of this task were also deleted"
`;
